cargo :    Compiling rivetdb v0.1.0 
(D:\dev\rivetDb)
At line:1 char:1
+ cargo build 2>&1 | Out-File 
build_output.txt; Get-Content 
build_outpu ...
+ ~~~~~~~~~~~~~~~~
    + CategoryInfo          : NotSpec 
   ified: (   Compiling ri...D:\dev\  
  rivetDb):String) [], RemoteExcept   
 ion
    + FullyQualifiedErrorId : NativeC 
   ommandError
 
warning: unused import: `HashMap`
 --> src\storage\state.rs:1:46
  |
1 | use std::collections::{VecDeque, 
BinaryHeap, HashMap};
  |                                   
           ^^^^^^^
  |
  = note: `#[warn(unused_imports)]` 
on by default

warning: unused import: `RwLock`
 --> src\storage\state.rs:3:29
  |
3 | use std::sync::{Arc, Mutex, 
RwLock};
  |                             ^^^^^^

warning: function `incrby` is never 
used
   --> src\commands\string.rs:122:8
    |
122 | pub fn incrby(cmd: 
ParsedCommand, state: &SharedState) 
-> RespReply {
    |        ^^^^^^
    |
    = note: `#[warn(dead_code)]` on 
by default

warning: function `decrby` is never 
used
   --> src\commands\string.rs:155:8
    |
155 | pub fn decrby(cmd: 
ParsedCommand, state: &SharedState) 
-> RespReply {
    |        ^^^^^^

warning: function `incrbyfloat` is 
never used
   --> src\commands\string.rs:188:8
    |
188 | pub fn incrbyfloat(cmd: 
ParsedCommand, state: &SharedState) 
-> RespReply {
    |        ^^^^^^^^^^^

warning: function `setnx` is never 
used
   --> src\commands\string.rs:394:8
    |
394 | pub fn setnx(cmd: 
ParsedCommand, state: &SharedState) 
-> RespReply {
    |        ^^^^^

warning: function `setex` is never 
used
   --> src\commands\string.rs:414:8
    |
414 | pub fn setex(cmd: 
ParsedCommand, state: &SharedState) 
-> RespReply {
    |        ^^^^^

warning: function `getset` is never 
used
   --> src\commands\string.rs:442:8
    |
442 | pub fn getset(cmd: 
ParsedCommand, state: &SharedState) 
-> RespReply {
    |        ^^^^^^

warning: function `lrem` is never used
   --> src\commands\list.rs:283:8
    |
283 | pub fn lrem(cmd: ParsedCommand, 
state: &SharedState) -> RespReply {
    |        ^^^^

warning: function `linsert` is never 
used
   --> src\commands\list.rs:385:8
    |
385 | pub fn linsert(cmd: 
ParsedCommand, state: &SharedState) 
-> RespReply {
    |        ^^^^^^^

warning: function `lpos` is never used
   --> src\commands\list.rs:440:8
    |
440 | pub fn lpos(cmd: ParsedCommand, 
state: &SharedState) -> RespReply {
    |        ^^^^

warning: function `parse_limit` is 
never used
   --> src\commands\zset.rs:367:4
    |
367 | fn parse_limit(args: &[String]) 
-> Option<(usize, usize)> {
    |    ^^^^^^^^^^^

warning: comparison is useless due to 
type limits
   --> src\commands\string.rs:315:18
    |
315 |         Ok(o) if o >= 0 => o,
    |                  ^^^^^^
    |
    = note: 
`#[warn(unused_comparisons)]` on by 
default

warning: `rivetdb` (lib) generated 13 
warnings (run `cargo fix --lib -p 
rivetdb` to apply 2 suggestions)
warning: unused import: 
`std::path::Path`
 --> src\main.rs:4:5
  |
4 | use std::path::Path;
  |     ^^^^^^^^^^^^^^^
  |
  = note: `#[warn(unused_imports)]` 
on by default

warning: `rivetdb` (bin "rivetdb") 
generated 1 warning (run `cargo fix 
--bin "rivetdb"` to apply 1 
suggestion)
    Finished `dev` profile 
[unoptimized + debuginfo] target(s) 
in 3.06s
