cargo : warning: unused import: 
`HashMap`
At line:1 char:1
+ cargo test 2>&1 | Out-File 
test_output.txt; Get-Content 
test_output.t ...
+ ~~~~~~~~~~~~~~~
    + CategoryInfo          : NotSpec 
   ified: (warning: unused import: `  
  HashMap`:String) [], RemoteExcept   
 ion
    + FullyQualifiedErrorId : NativeC 
   ommandError
 
 --> src\storage\state.rs:1:46
  |
1 | use std::collections::{VecDeque, 
BinaryHeap, HashMap};
  |                                   
           ^^^^^^^
  |
  = note: `#[warn(unused_imports)]` 
on by default

warning: unused import: `RwLock`
 --> src\storage\state.rs:3:29
  |
3 | use std::sync::{Arc, Mutex, 
RwLock};
  |                             ^^^^^^

warning: function `incrby` is never 
used
   --> src\commands\string.rs:122:8
    |
122 | pub fn incrby(cmd: 
ParsedCommand, state: &SharedState) 
-> RespReply {
    |        ^^^^^^
    |
    = note: `#[warn(dead_code)]` on 
by default

warning: function `decrby` is never 
used
   --> src\commands\string.rs:155:8
    |
155 | pub fn decrby(cmd: 
ParsedCommand, state: &SharedState) 
-> RespReply {
    |        ^^^^^^

warning: function `incrbyfloat` is 
never used
   --> src\commands\string.rs:188:8
    |
188 | pub fn incrbyfloat(cmd: 
ParsedCommand, state: &SharedState) 
-> RespReply {
    |        ^^^^^^^^^^^

warning: function `setnx` is never 
used
   --> src\commands\string.rs:394:8
    |
394 | pub fn setnx(cmd: 
ParsedCommand, state: &SharedState) 
-> RespReply {
    |        ^^^^^

warning: function `setex` is never 
used
   --> src\commands\string.rs:414:8
    |
414 | pub fn setex(cmd: 
ParsedCommand, state: &SharedState) 
-> RespReply {
    |        ^^^^^

warning: function `getset` is never 
used
   --> src\commands\string.rs:442:8
    |
442 | pub fn getset(cmd: 
ParsedCommand, state: &SharedState) 
-> RespReply {
    |        ^^^^^^

warning: function `lrem` is never used
   --> src\commands\list.rs:283:8
    |
283 | pub fn lrem(cmd: ParsedCommand, 
state: &SharedState) -> RespReply {
    |        ^^^^

warning: function `linsert` is never 
used
   --> src\commands\list.rs:385:8
    |
385 | pub fn linsert(cmd: 
ParsedCommand, state: &SharedState) 
-> RespReply {
    |        ^^^^^^^

warning: function `lpos` is never used
   --> src\commands\list.rs:440:8
    |
440 | pub fn lpos(cmd: ParsedCommand, 
state: &SharedState) -> RespReply {
    |        ^^^^

warning: function `parse_limit` is 
never used
   --> src\commands\zset.rs:367:4
    |
367 | fn parse_limit(args: &[String]) 
-> Option<(usize, usize)> {
    |    ^^^^^^^^^^^

warning: comparison is useless due to 
type limits
   --> src\commands\string.rs:315:18
    |
315 |         Ok(o) if o >= 0 => o,
    |                  ^^^^^^
    |
    = note: 
`#[warn(unused_comparisons)]` on by 
default

warning: unused import: 
`std::io::Cursor`
   --> src\persistence\aof.rs:553:9
    |
553 |     use std::io::Cursor;
    |         ^^^^^^^^^^^^^^^

warning: `rivetdb` (lib) generated 13 
warnings (run `cargo fix --lib -p 
rivetdb` to apply 2 suggestions)
warning: `rivetdb` (lib test) 
generated 14 warnings (13 duplicates) 
(run `cargo fix --lib -p rivetdb 
--tests` to apply 1 suggestion)
warning: unused import: 
`std::path::Path`
 --> src\main.rs:4:5
  |
4 | use std::path::Path;
  |     ^^^^^^^^^^^^^^^
  |
  = note: `#[warn(unused_imports)]` 
on by default

warning: `rivetdb` (bin "rivetdb") 
generated 1 warning (run `cargo fix 
--bin "rivetdb"` to apply 1 
suggestion)
warning: `rivetdb` (bin "rivetdb" 
test) generated 1 warning (1 
duplicate)
    Finished `test` profile 
[unoptimized + debuginfo] target(s) 
in 0.15s
     Running unittests src\lib.rs (tar
get\debug\deps\rivetdb-51c8aa0588594e3
c.exe)

running 14 tests
test config::tests::test_default_config ... ok
test config::tests::test_parse_memory_string ... ok
test persistence::aof::tests::test_aof_fsync_policy_from_str ... ok
test persistence::aof::tests::test_is_write_command ... ok
test schema::tests::test_schema_from_definition ... ok
test storage::zset::tests::test_zset_add ... ok
test storage::zset::tests::test_zset_range ... ok
test persistence::aof::tests::test_format_resp_array ... ok
test schema::validator::tests::test_validate_array_field ... ok
test schema::validator::tests::test_validate_optional_fields ... ok
test schema::tests::test_field_type_from_str ... ok
test storage::zset::tests::test_zset_rank ... ok
test schema::validator::tests::test_validate_simple_schema ... ok
test storage::zset::tests::test_zset_score ... ok

test result: ok. 14 passed; 0 failed; 0 ignored; 0 measured; 0 filtered out; finished in 0.00s

     Running unittests src\main.rs (ta
rget\debug\deps\rivetdb-805295c469a6ea
21.exe)

running 0 tests

test result: ok. 0 passed; 0 failed; 0 ignored; 0 measured; 0 filtered out; finished in 0.00s

     Running 
tests\integration_tests.rs (target\deb
ug\deps\integration_tests-2579475b159a
3a3e.exe)

running 7 tests
     Running tests\unit_tests.rs (targ
et\debug\deps\unit_tests-4c329772cd60e
e98.exe)
test test_del_exists ... ignored
test test_incr_decr ... ignored
test test_list_operations ... ignored
test test_multiple_clients ... ignored
test test_ping_pong ... ignored
test test_set_get_roundtrip ... ignored
test test_set_operations ... ignored

test result: ok. 0 passed; 0 failed; 7 ignored; 0 measured; 0 filtered out; finished in 0.00s


running 46 tests
test basic_tests::test_ping_without_args ... ok
test basic_tests::test_ping_with_message ... ok
test basic_tests::test_del_nonexistent_key ... ok
test expiry_tests::test_expire_nonexistent_key ... ok
test basic_tests::test_exists_single_key ... ok
test basic_tests::test_del_single_key ... ok
test expiry_tests::test_expire_and_ttl ... ok
test basic_tests::test_exists_multiple_keys ... ok
test basic_tests::test_del_multiple_keys ... ok
test expiry_tests::test_expire_updates_existing_ttl ... ok
test basic_tests::test_exists_nonexistent ... ok
test expiry_tests::test_ttl_no_expiry ... ok
test expiry_tests::test_ttl_nonexistent_key ... ok
test list_tests::test_llen_after_lpush ... ok
test list_tests::test_llen_empty_list ... ok
test list_tests::test_llen_wrong_type ... ok
test list_tests::test_lpush_single_element ... ok
test list_tests::test_lpush_multiple_times ... ok
test list_tests::test_lpush_wrong_type ... ok
test list_tests::test_lrange_empty_list ... ok
test list_tests::test_lrange_full_list ... ok
test list_tests::test_lrange_negative_indices ... ok
test set_tests::test_sadd_after_srem ... ok
test set_tests::test_sadd_duplicate_member ... ok
test list_tests::test_lrange_partial ... ok
test set_tests::test_sadd_multiple_members ... ok
test set_tests::test_sadd_single_member ... ok
test set_tests::test_sadd_wrong_type ... ok
test set_tests::test_smembers_empty_set ... ok
test set_tests::test_smembers_with_elements ... ok
test set_tests::test_smembers_wrong_type ... ok
test set_tests::test_srem_existing_member ... ok
test set_tests::test_srem_multiple_members ... ok
test set_tests::test_srem_nonexistent_member ... ok
test string_tests::test_decr_existing_key ... ok
test string_tests::test_decr_new_key ... ok
test string_tests::test_get_nonexistent_key ... ok
test string_tests::test_get_wrong_type ... ok
test string_tests::test_incr_decr_combination ... ok
test string_tests::test_incr_existing_key ... ok
test string_tests::test_incr_multiple_times ... ok
test string_tests::test_incr_new_key ... ok
test string_tests::test_set_and_get ... ok
test string_tests::test_incr_non_integer_value ... ok
test string_tests::test_set_overwrites_existing ... ok
test expiry_tests::test_key_expires_automatically ... ok

test result: ok. 46 passed; 0 failed; 0 ignored; 0 measured; 0 filtered out; finished in 1.20s

   Doc-tests rivetdb

running 0 tests

test result: ok. 0 passed; 0 failed; 0 ignored; 0 measured; 0 filtered out; finished in 0.00s

